<b>  Willy is awesome.
</b>... this is the last line.
