With spacing
    first line
    second line

    first line
    second line

Without spacing
    first line
    second line
    first line
    second line

With text
    first line
    second line
    text
    first line
    second line

In a conditional
    first line
    second line
