* .Chris.
* ..
* .<b>GitHub</b>.
* .<b>GitHub</b>.
